// Jest Snapshot v1, https://goo.gl/fbAQLP

exports[`App component renders App 1`] = `
<section
  className="App"
>
  <Header />
  <main>
    <h1
      className=""
    >
      Data Visualizations Utilizing the VX Library
    </h1>
    <Cards
      displayIndex={0}
    />
  </main>
  <Footer
    closeAboutDrawer={[Function]}
    displayIndex={0}
    isAboutDrawerOpen={false}
    moveTitle={[Function]}
    openAboutDrawer={[Function]}
    setDisplayIndex={[Function]}
  />
  <AboutDrawer
    isOpen={false}
  />
</section>
`;
